troupec: ProjIdx: illegal index: 2147483648 (max index: 2147483647)
