2023-03-10T08:32:11.371Z [RTM] [32minfo[39m: Skipping network creation. Observe that all external IO operations will yield a runtime error.
>>> Main thread finished with value: 3@{}%{}
